
Asus@DESKTOP-KV8O5FC MINGW64 ~/OneDrive/Bureau/Go My Code
$ cd learn_git_again

Asus@DESKTOP-KV8O5FC MINGW64 ~/OneDrive/Bureau/Go My Code/learn_git_again
$ touch third.txt

Asus@DESKTOP-KV8O5FC MINGW64 ~/OneDrive/Bureau/Go My Code/learn_git_again
$ git init
Initialized empty Git repository in C:/Users/Asus/OneDrive/Bureau/Go My Code/learn_git_again/.git/

Asus@DESKTOP-KV8O5FC MINGW64 ~/OneDrive/Bureau/Go My Code/learn_git_again (master)
$ add third.txt
bash: add: command not found

Asus@DESKTOP-KV8O5FC MINGW64 ~/OneDrive/Bureau/Go My Code/learn_git_again (master)
$ git add third.txt

Asus@DESKTOP-KV8O5FC MINGW64 ~/OneDrive/Bureau/Go My Code/learn_git_again (master)
$ git commit -m"adding third.txt"
[master (root-commit) 4783d64] adding third.txt
 1 file changed, 0 insertions(+), 0 deletions(-)
 create mode 100644 third.txt

Asus@DESKTOP-KV8O5FC MINGW64 ~/OneDrive/Bureau/Go My Code/learn_git_again (master)
$ git log
commit 4783d6470bd24be7bbbd2d2376e4775c928e006f (HEAD -> master)
Author: wadii10 <wadii.driss@gmail.com>
Date:   Tue Dec 21 11:10:06 2021 +0100

    adding third.txt

Asus@DESKTOP-KV8O5FC MINGW64 ~/OneDrive/Bureau/Go My Code/learn_git_again (master)
$ touch fourth.txt

Asus@DESKTOP-KV8O5FC MINGW64 ~/OneDrive/Bureau/Go My Code/learn_git_again (master)
$ git add fourth.txt

Asus@DESKTOP-KV8O5FC MINGW64 ~/OneDrive/Bureau/Go My Code/learn_git_again (master)
$ git commit -m"adding fourth.txt"
[master a5d7f42] adding fourth.txt
 1 file changed, 0 insertions(+), 0 deletions(-)
 create mode 100644 fourth.txt

Asus@DESKTOP-KV8O5FC MINGW64 ~/OneDrive/Bureau/Go My Code/learn_git_again (master)
$ git rm --cached third.txt
rm 'third.txt'

Asus@DESKTOP-KV8O5FC MINGW64 ~/OneDrive/Bureau/Go My Code/learn_git_again (master)
$ git commit -m"removing third.txt"
[master c133bb9] removing third.txt
 1 file changed, 0 insertions(+), 0 deletions(-)
 delete mode 100644 third.txt

Asus@DESKTOP-KV8O5FC MINGW64 ~/OneDrive/Bureau/Go My Code/learn_git_again (master)
$ git log
commit c133bb971cc7838047072f6fac0667013bffe8a9 (HEAD -> master)
Author: wadii10 <wadii.driss@gmail.com>
Date:   Tue Dec 21 11:25:09 2021 +0100

    removing third.txt

commit a5d7f42dbf1e4ea68ffaf76fd7d9d476cbfe27ef
Author: wadii10 <wadii.driss@gmail.com>
Date:   Tue Dec 21 11:21:47 2021 +0100

    adding fourth.txt

commit 4783d6470bd24be7bbbd2d2376e4775c928e006f
Author: wadii10 <wadii.driss@gmail.com>
Date:   Tue Dec 21 11:10:06 2021 +0100

    adding third.txt

Asus@DESKTOP-KV8O5FC MINGW64 ~/OneDrive/Bureau/Go My Code/learn_git_again (master)
$ git config --list
diff.astextplain.textconv=astextplain
filter.lfs.clean=git-lfs clean -- %f
filter.lfs.smudge=git-lfs smudge -- %f
filter.lfs.process=git-lfs filter-process
filter.lfs.required=true
http.sslbackend=openssl
http.sslcainfo=C:/Program Files/Git/mingw64/ssl/certs/ca-bundle.crt
core.autocrlf=true
core.fscache=true
core.symlinks=false
pull.rebase=false
credential.helper=manager-core
credential.https://dev.azure.com.usehttppath=true
init.defaultbranch=master
user.name=wadii10
user.email=wadii.driss@gmail.com
core.repositoryformatversion=0
core.filemode=false
core.bare=false
core.logallrefupdates=true
core.symlinks=false
core.ignorecase=true

Asus@DESKTOP-KV8O5FC MINGW64 ~/OneDrive/Bureau/Go My Code/learn_git_again (master)
$ git config --global
usage: git config [<options>]

Config file location
    --global              use global config file
    --system              use system config file
    --local               use repository config file
    --worktree            use per-worktree config file
    -f, --file <file>     use given config file
    --blob <blob-id>      read config from given blob object

Action
    --get                 get value: name [value-pattern]
    --get-all             get all values: key [value-pattern]
    --get-regexp          get values for regexp: name-regex [value-pattern]
    --get-urlmatch        get value specific for the URL: section[.var] URL
    --replace-all         replace all matching variables: name value [value-pattern]
    --add                 add a new variable: name value
    --unset               remove a variable: name [value-pattern]
    --unset-all           remove all matches: name [value-pattern]
    --rename-section      rename section: old-name new-name
    --remove-section      remove a section: name
    -l, --list            list all
    --fixed-value         use string equality when comparing values to 'value-pattern'
    -e, --edit            open an editor
    --get-color           find the color configured: slot [default]
    --get-colorbool       find the color setting: slot [stdout-is-tty]

Type
    -t, --type <>         value is given this type
    --bool                value is "true" or "false"
    --int                 value is decimal number
    --bool-or-int         value is --bool or --int
    --bool-or-str         value is --bool or string
    --path                value is a path (file or directory name)
    --expiry-date         value is an expiry date

Other
    -z, --null            terminate values with NUL byte
    --name-only           show variable names only
    --includes            respect include directives on lookup
    --show-origin         show origin of config (file, standard input, blob, command line)
    --show-scope          show scope of config (worktree, local, global, system, command)
    --default <value>     with --get, use default value when missing entry


Asus@DESKTOP-KV8O5FC MINGW64 ~/OneDrive/Bureau/Go My Code/learn_git_again (master)